<html>
<body>
<pre>
<h1>µVision Build Log</h1>
<h2>Tool Versions:</h2>
IDE-Version: µVision V5.25.2.0
Copyright (C) 2018 ARM Ltd and ARM Germany GmbH. All rights reserved.
License Information: Leo Laudouard, INSA Toulouse, LIC=----
 
Tool Versions:
Toolchain:       MDK-Lite  Version: 5.25.2.0
Toolchain Path:  D:\Keil_v5\ARM\ARMCC\Bin
C Compiler:      Armcc.exe V5.06 update 6 (build 750)
Assembler:       Armasm.exe V5.06 update 6 (build 750)
Linker/Locator:  ArmLink.exe V5.06 update 6 (build 750)
Library Manager: ArmAr.exe V5.06 update 6 (build 750)
Hex Converter:   FromElf.exe V5.06 update 6 (build 750)
CPU DLL:         SARMCM3.DLL V5.25.2.0
Dialog DLL:      DCM.DLL V1.17.1.0
Target DLL:      STLink\ST-LINKIII-KEIL_SWO.dll V3.0.1.0
Dialog DLL:      TCM.DLL V1.35.1.0
 
<h2>Project:</h2>
D:\Documents\INSA\4A\Projet Tutoré\SEGWAY_TR-master\Code\Code_gyropode\STM32\Project\12-9\MDK-ARM\Demo.uvprojx
Project File Date:  05/28/2018

<h2>Output:</h2>
*** Using Compiler 'V5.06 update 6 (build 750)', folder: 'D:\Keil_v5\ARM\ARMCC\Bin'
Rebuild target 'Segway'
assembling startup_stm32f30x.s...
compiling stm32f3_discovery.c...
compiling stm32f3_discovery_lsm303dlhc.c...
compiling stm32f3_discovery_l3gd20.c...
compiling stm32f30x_adc.c...
compiling stm32f30x_comp.c...
compiling stm32f30x_can.c...
compiling stm32f30x_dbgmcu.c...
compiling stm32f30x_dac.c...
compiling stm32f30x_crc.c...
compiling stm32f30x_dma.c...
compiling stm32f30x_exti.c...
compiling stm32f30x_flash.c...
compiling stm32f30x_gpio.c...
compiling stm32f30x_i2c.c...
compiling stm32f30x_iwdg.c...
compiling stm32f30x_misc.c...
compiling stm32f30x_opamp.c...
compiling stm32f30x_pwr.c...
compiling stm32f30x_rcc.c...
compiling stm32f30x_spi.c...
compiling stm32f30x_rtc.c...
compiling stm32f30x_syscfg.c...
compiling stm32f30x_usart.c...
compiling stm32f30x_tim.c...
compiling stm32f30x_wwdg.c...
compiling main.c...
compiling stm32f30x_it.c...
compiling system_stm32f30x.c...
compiling Init.c...
compiling Gyroscope.c...
compiling Accelerometre.c...
compiling Fonctions.c...
..\Service\Fonctions.c(291): warning:  #1035-D: single-precision operand implicitly converted to double-precision
  					Consigne2 = ((180.0-angleAndroid)/90)*Consigne_new*0.5;
..\Service\Fonctions.c: 1 warning, 0 errors
linking...
Program Size: Code=12652 RO-data=636 RW-data=392 ZI-data=1272  
".\Segway\Segway.axf" - 0 Error(s), 1 Warning(s).

<h2>Software Packages used:</h2>

Package Vendor: ARM
                http://www.keil.com/pack/ARM.CMSIS.5.3.0.pack
                ARM.CMSIS.5.3.0
                CMSIS (Cortex Microcontroller Software Interface Standard)
   * Component: CORE Version: 5.1.1

Package Vendor: Keil
                http://www.keil.com/pack/Keil.STM32F3xx_DFP.2.1.0.pack
                Keil.STM32F3xx_DFP.2.1.0
                STMicroelectronics STM32F3 Series Device Support and Examples

<h2>Collection of Component include folders:</h2>
  .\RTE\_Segway
  D:\Keil_v5\ARM\PACK\ARM\CMSIS\5.3.0\CMSIS\Include
  D:\Keil_v5\ARM\PACK\Keil\STM32F3xx_DFP\2.1.0\Drivers\CMSIS\Device\ST\STM32F3xx\Include

<h2>Collection of Component Files used:</h2>

   * Component: ARM::CMSIS:CORE:5.1.1
Build Time Elapsed:  00:00:11
</pre>
</body>
</html>
